2023-12-27 11:35:44,733 - test_logger - DEBUG - Debug message
2023-12-27 11:35:44,733 - test_logger - INFO - Info message
2023-12-27 11:35:44,733 - test_logger - WARNING - Warning message
2023-12-27 11:35:44,733 - test_logger - ERROR - Error message
2023-12-27 11:35:44,733 - test_logger - CRITICAL - Critical message
